/home/ab_students/EEG-MTP/trial_mae_SEED/trainer.py:13: FutureWarning: `torch.cuda.amp.GradScaler(args...)` is deprecated. Please use `torch.amp.GradScaler('cuda', args...)` instead.
  self._scaler = torch.cuda.amp.GradScaler()
============================================================
SEED MAE Pretraining
============================================================
Output: /home/ab_students/EEG-MTP/trial_mae_SEED/results/
Device: CUDA
Channels: 31, Sampling rate: 200Hz
Segment length: 4000 samples (20.0s)
============================================================

Loading train data from 14 subjects...
Using 31 channels from indices: [0, 2, 4, 6, 8, 10, 12, 14, 16, 18, 20, 22, 24, 26, 28, 30, 32, 34, 36, 38, 40, 42, 44, 46, 48, 50, 52, 54, 56, 58, 60]
Loaded train data: 14 subjects, 4998 segments
Segment shape: (31, 4000)
Dataset: 4998 segments
Batches per epoch: 157

Model parameters: 165.55M
Trainable parameters: 164.78M

/home/ab_students/EEG-MTP/trial_mae_SEED/trainer.py:83: FutureWarning: `torch.cuda.amp.autocast(args...)` is deprecated. Please use `torch.amp.autocast('cuda', args...)` instead.
  with torch.cuda.amp.autocast(enabled=True):
[Epoch 0] loss: 1.158545779574449
Epoch   0 | Loss: 1.1585 | Cor: -0.0001 | LR: 4.97e-05
[Epoch 1] loss: 0.9288490991683522
Epoch   1 | Loss: 0.9288 | Cor: 0.1384 | LR: 9.97e-05 ✓ BEST
[Epoch 2] loss: 0.8282194634911361
Epoch   2 | Loss: 0.8282 | Cor: 0.3034 | LR: 1.50e-04 ✓ BEST
[Epoch 3] loss: 0.8177530294770647
Epoch   3 | Loss: 0.8178 | Cor: 0.3208 | LR: 2.00e-04 ✓ BEST
[Epoch 4] loss: 0.8105756534132987
Epoch   4 | Loss: 0.8106 | Cor: 0.3317 | LR: 2.50e-04 ✓ BEST
[Epoch 5] loss: 0.8014311369057674
Epoch   5 | Loss: 0.8014 | Cor: 0.3271 | LR: 3.00e-04
[Epoch 6] loss: 0.7964027193701191
Epoch   6 | Loss: 0.7964 | Cor: 0.3332 | LR: 3.50e-04 ✓ BEST
[Epoch 7] loss: 0.7935267645082656
Epoch   7 | Loss: 0.7935 | Cor: 0.3402 | LR: 4.00e-04 ✓ BEST
[Epoch 8] loss: 0.7904256282338671
Epoch   8 | Loss: 0.7904 | Cor: 0.3461 | LR: 4.50e-04 ✓ BEST
[Epoch 9] loss: 0.7874486173034474
Epoch   9 | Loss: 0.7874 | Cor: 0.3556 | LR: 5.00e-04 ✓ BEST
[Epoch 10] loss: 0.7819397176147267
Epoch  10 | Loss: 0.7819 | Cor: 0.3639 | LR: 5.50e-04 ✓ BEST
[Epoch 11] loss: 0.7785414085266696
Epoch  11 | Loss: 0.7785 | Cor: 0.3719 | LR: 6.00e-04 ✓ BEST
[Epoch 12] loss: 0.7760902722929693
Epoch  12 | Loss: 0.7761 | Cor: 0.3776 | LR: 6.50e-04 ✓ BEST
[Epoch 13] loss: 0.773670316881435
Epoch  13 | Loss: 0.7737 | Cor: 0.3808 | LR: 7.00e-04 ✓ BEST
[Epoch 14] loss: 0.7750334720702687
Epoch  14 | Loss: 0.7750 | Cor: 0.3807 | LR: 7.50e-04
[Epoch 15] loss: 0.7788957281477132
Epoch  15 | Loss: 0.7789 | Cor: 0.3832 | LR: 8.00e-04 ✓ BEST
[Epoch 16] loss: 0.7859760215327998
Epoch  16 | Loss: 0.7860 | Cor: 0.3844 | LR: 8.50e-04 ✓ BEST
[Epoch 17] loss: 0.7479599251109323
Epoch  17 | Loss: 0.7480 | Cor: 0.4488 | LR: 9.00e-04 ✓ BEST
[Epoch 18] loss: 0.6383740154041606
Epoch  18 | Loss: 0.6384 | Cor: 0.5982 | LR: 9.50e-04 ✓ BEST
[Epoch 19] loss: 0.6014404217149042
Epoch  19 | Loss: 0.6014 | Cor: 0.6364 | LR: 1.00e-03 ✓ BEST
[Epoch 20] loss: 0.5914874164162168
Epoch  20 | Loss: 0.5915 | Cor: 0.6446 | LR: 1.00e-03 ✓ BEST
[Epoch 21] loss: 0.5823506135849437
Epoch  21 | Loss: 0.5824 | Cor: 0.6525 | LR: 1.00e-03 ✓ BEST
[Epoch 22] loss: 0.5708680931170276
Epoch  22 | Loss: 0.5709 | Cor: 0.6621 | LR: 9.99e-04 ✓ BEST
[Epoch 23] loss: 0.5614375978898091
Epoch  23 | Loss: 0.5614 | Cor: 0.6699 | LR: 9.99e-04 ✓ BEST
[Epoch 24] loss: 0.5576549738076082
Epoch  24 | Loss: 0.5577 | Cor: 0.6728 | LR: 9.98e-04 ✓ BEST
[Epoch 25] loss: 0.5529469676837799
Epoch  25 | Loss: 0.5529 | Cor: 0.6762 | LR: 9.97e-04 ✓ BEST
[Epoch 26] loss: 0.5457967043302621
Epoch  26 | Loss: 0.5458 | Cor: 0.6812 | LR: 9.96e-04 ✓ BEST
[Epoch 27] loss: 0.5427408007679472
Epoch  27 | Loss: 0.5427 | Cor: 0.6836 | LR: 9.95e-04 ✓ BEST
[Epoch 28] loss: 0.5396842829361084
Epoch  28 | Loss: 0.5397 | Cor: 0.6864 | LR: 9.94e-04 ✓ BEST
[Epoch 29] loss: 0.5355275013264577
Epoch  29 | Loss: 0.5355 | Cor: 0.6896 | LR: 9.92e-04 ✓ BEST
[Epoch 30] loss: 0.53243307740825
Epoch  30 | Loss: 0.5324 | Cor: 0.6917 | LR: 9.91e-04 ✓ BEST
[Epoch 31] loss: 0.5273641683873097
Epoch  31 | Loss: 0.5274 | Cor: 0.6950 | LR: 9.89e-04 ✓ BEST
[Epoch 32] loss: 0.5237103203299699
Epoch  32 | Loss: 0.5237 | Cor: 0.6975 | LR: 9.87e-04 ✓ BEST
[Epoch 33] loss: 0.5204252619652232
Epoch  33 | Loss: 0.5204 | Cor: 0.6993 | LR: 9.85e-04 ✓ BEST
[Epoch 34] loss: 0.5173079031667892
Epoch  34 | Loss: 0.5173 | Cor: 0.7015 | LR: 9.83e-04 ✓ BEST
[Epoch 35] loss: 0.5144628142095675
Epoch  35 | Loss: 0.5145 | Cor: 0.7039 | LR: 9.81e-04 ✓ BEST
[Epoch 36] loss: 0.513393578066188
Epoch  36 | Loss: 0.5134 | Cor: 0.7045 | LR: 9.78e-04 ✓ BEST
[Epoch 37] loss: 0.5115075225283385
Epoch  37 | Loss: 0.5115 | Cor: 0.7059 | LR: 9.76e-04 ✓ BEST
[Epoch 38] loss: 0.5087693432334123
Epoch  38 | Loss: 0.5088 | Cor: 0.7077 | LR: 9.73e-04 ✓ BEST
[Epoch 39] loss: 0.5061693275050753
Epoch  39 | Loss: 0.5062 | Cor: 0.7092 | LR: 9.70e-04 ✓ BEST
[Epoch 40] loss: 0.5037926997348761
Epoch  40 | Loss: 0.5038 | Cor: 0.7111 | LR: 9.67e-04 ✓ BEST
[Epoch 41] loss: 0.5003890719763033
Epoch  41 | Loss: 0.5004 | Cor: 0.7133 | LR: 9.64e-04 ✓ BEST
[Epoch 42] loss: 0.4988339698998032
Epoch  42 | Loss: 0.4988 | Cor: 0.7145 | LR: 9.60e-04 ✓ BEST
[Epoch 43] loss: 0.4971585697049548
Epoch  43 | Loss: 0.4972 | Cor: 0.7160 | LR: 9.57e-04 ✓ BEST
[Epoch 44] loss: 0.4960304754934493
Epoch  44 | Loss: 0.4960 | Cor: 0.7165 | LR: 9.53e-04 ✓ BEST
[Epoch 45] loss: 0.4941561690940978
Epoch  45 | Loss: 0.4942 | Cor: 0.7170 | LR: 9.49e-04 ✓ BEST
[Epoch 46] loss: 0.4925128969417256
Epoch  46 | Loss: 0.4925 | Cor: 0.7182 | LR: 9.46e-04 ✓ BEST
[Epoch 47] loss: 0.4917534513837972
Epoch  47 | Loss: 0.4918 | Cor: 0.7187 | LR: 9.42e-04 ✓ BEST
[Epoch 48] loss: 0.48978456721943653
Epoch  48 | Loss: 0.4898 | Cor: 0.7204 | LR: 9.37e-04 ✓ BEST
[Epoch 49] loss: 0.48800461573205933
Epoch  49 | Loss: 0.4880 | Cor: 0.7211 | LR: 9.33e-04 ✓ BEST
[Epoch 50] loss: 0.4864534464231722
Epoch  50 | Loss: 0.4865 | Cor: 0.7220 | LR: 9.29e-04 ✓ BEST
[Epoch 51] loss: 0.4849984670520588
Epoch  51 | Loss: 0.4850 | Cor: 0.7230 | LR: 9.24e-04 ✓ BEST
[Epoch 52] loss: 0.4839182640336881
Epoch  52 | Loss: 0.4839 | Cor: 0.7243 | LR: 9.19e-04 ✓ BEST
[Epoch 53] loss: 0.48233985521231487
Epoch  53 | Loss: 0.4823 | Cor: 0.7250 | LR: 9.15e-04 ✓ BEST
[Epoch 54] loss: 0.4811984097502034
Epoch  54 | Loss: 0.4812 | Cor: 0.7257 | LR: 9.10e-04 ✓ BEST
[Epoch 55] loss: 0.47995290748632635
Epoch  55 | Loss: 0.4800 | Cor: 0.7268 | LR: 9.05e-04 ✓ BEST
[Epoch 56] loss: 0.4788670000756622
Epoch  56 | Loss: 0.4789 | Cor: 0.7275 | LR: 8.99e-04 ✓ BEST
[Epoch 57] loss: 0.47818027730959994
Epoch  57 | Loss: 0.4782 | Cor: 0.7279 | LR: 8.94e-04 ✓ BEST
[Epoch 58] loss: 0.4770723604092932
Epoch  58 | Loss: 0.4771 | Cor: 0.7286 | LR: 8.89e-04 ✓ BEST
[Epoch 59] loss: 0.4758019756739307
Epoch  59 | Loss: 0.4758 | Cor: 0.7293 | LR: 8.83e-04 ✓ BEST
[Epoch 60] loss: 0.4750644889227144
Epoch  60 | Loss: 0.4751 | Cor: 0.7300 | LR: 8.78e-04 ✓ BEST
[Epoch 61] loss: 0.4744967286753806
Epoch  61 | Loss: 0.4745 | Cor: 0.7303 | LR: 8.72e-04 ✓ BEST
[Epoch 62] loss: 0.47357684829432495
Epoch  62 | Loss: 0.4736 | Cor: 0.7311 | LR: 8.66e-04 ✓ BEST
[Epoch 63] loss: 0.4723698065918722
Epoch  63 | Loss: 0.4724 | Cor: 0.7321 | LR: 8.60e-04 ✓ BEST
[Epoch 64] loss: 0.4719236035635517
Epoch  64 | Loss: 0.4719 | Cor: 0.7321 | LR: 8.54e-04
[Epoch 65] loss: 0.4709997482740196
Epoch  65 | Loss: 0.4710 | Cor: 0.7327 | LR: 8.48e-04 ✓ BEST
[Epoch 66] loss: 0.4703321500568633
Epoch  66 | Loss: 0.4703 | Cor: 0.7330 | LR: 8.41e-04 ✓ BEST
[Epoch 67] loss: 0.4686818411395808
Epoch  67 | Loss: 0.4687 | Cor: 0.7342 | LR: 8.35e-04 ✓ BEST
[Epoch 68] loss: 0.4685484949190905
Epoch  68 | Loss: 0.4685 | Cor: 0.7344 | LR: 8.28e-04 ✓ BEST
[Epoch 69] loss: 0.4670608136684272
Epoch  69 | Loss: 0.4671 | Cor: 0.7349 | LR: 8.22e-04 ✓ BEST
[Epoch 70] loss: 0.46668448095109055
Epoch  70 | Loss: 0.4667 | Cor: 0.7355 | LR: 8.15e-04 ✓ BEST
[Epoch 71] loss: 0.4649214964763374
Epoch  71 | Loss: 0.4649 | Cor: 0.7366 | LR: 8.08e-04 ✓ BEST
[Epoch 72] loss: 0.465019442852895
Epoch  72 | Loss: 0.4650 | Cor: 0.7364 | LR: 8.01e-04
[Epoch 73] loss: 0.4632723830687772
Epoch  73 | Loss: 0.4633 | Cor: 0.7377 | LR: 7.94e-04 ✓ BEST
[Epoch 74] loss: 0.4623082830647754
Epoch  74 | Loss: 0.4623 | Cor: 0.7384 | LR: 7.87e-04 ✓ BEST
[Epoch 75] loss: 0.4619921037725582
Epoch  75 | Loss: 0.4620 | Cor: 0.7391 | LR: 7.80e-04 ✓ BEST
[Epoch 76] loss: 0.4614575026900905
Epoch  76 | Loss: 0.4615 | Cor: 0.7391 | LR: 7.73e-04 ✓ BEST
[Epoch 77] loss: 0.4606705473107138
Epoch  77 | Loss: 0.4607 | Cor: 0.7400 | LR: 7.65e-04 ✓ BEST
[Epoch 78] loss: 0.45961483439822104
Epoch  78 | Loss: 0.4596 | Cor: 0.7401 | LR: 7.58e-04 ✓ BEST
[Epoch 79] loss: 0.45979367680610367
Epoch  79 | Loss: 0.4598 | Cor: 0.7405 | LR: 7.50e-04 ✓ BEST
[Epoch 80] loss: 0.4587410316345798
Epoch  80 | Loss: 0.4587 | Cor: 0.7408 | LR: 7.43e-04 ✓ BEST
[Epoch 81] loss: 0.45765732485017957
Epoch  81 | Loss: 0.4577 | Cor: 0.7417 | LR: 7.35e-04 ✓ BEST
[Epoch 82] loss: 0.45649950310682796
Epoch  82 | Loss: 0.4565 | Cor: 0.7423 | LR: 7.27e-04 ✓ BEST
[Epoch 83] loss: 0.45646276462609603
Epoch  83 | Loss: 0.4565 | Cor: 0.7427 | LR: 7.20e-04 ✓ BEST
[Epoch 84] loss: 0.45583719337821765
Epoch  84 | Loss: 0.4558 | Cor: 0.7428 | LR: 7.12e-04 ✓ BEST
[Epoch 85] loss: 0.4544188327090755
Epoch  85 | Loss: 0.4544 | Cor: 0.7435 | LR: 7.04e-04 ✓ BEST
[Epoch 86] loss: 0.453198443552491
Epoch  86 | Loss: 0.4532 | Cor: 0.7445 | LR: 6.96e-04 ✓ BEST
[Epoch 87] loss: 0.45339246122700394
Epoch  87 | Loss: 0.4534 | Cor: 0.7445 | LR: 6.88e-04 ✓ BEST
[Epoch 88] loss: 0.4518894655689312
Epoch  88 | Loss: 0.4519 | Cor: 0.7455 | LR: 6.80e-04 ✓ BEST
[Epoch 89] loss: 0.4519105730163064
Epoch  89 | Loss: 0.4519 | Cor: 0.7456 | LR: 6.71e-04 ✓ BEST
[Epoch 90] loss: 0.45159387930183653
Epoch  90 | Loss: 0.4516 | Cor: 0.7460 | LR: 6.63e-04 ✓ BEST
[Epoch 91] loss: 0.45062508514732313
Epoch  91 | Loss: 0.4506 | Cor: 0.7460 | LR: 6.55e-04 ✓ BEST
[Epoch 92] loss: 0.4490822067685947
Epoch  92 | Loss: 0.4491 | Cor: 0.7471 | LR: 6.47e-04 ✓ BEST
[Epoch 93] loss: 0.4484248214466557
Epoch  93 | Loss: 0.4484 | Cor: 0.7474 | LR: 6.38e-04 ✓ BEST
[Epoch 94] loss: 0.44811336572762506
Epoch  94 | Loss: 0.4481 | Cor: 0.7479 | LR: 6.30e-04 ✓ BEST
[Epoch 95] loss: 0.44761070666039826
Epoch  95 | Loss: 0.4476 | Cor: 0.7481 | LR: 6.21e-04 ✓ BEST
[Epoch 96] loss: 0.4462029590348529
Epoch  96 | Loss: 0.4462 | Cor: 0.7489 | LR: 6.13e-04 ✓ BEST
[Epoch 97] loss: 0.44617204719288334
Epoch  97 | Loss: 0.4462 | Cor: 0.7486 | LR: 6.04e-04
[Epoch 98] loss: 0.4454503621265387
Epoch  98 | Loss: 0.4455 | Cor: 0.7489 | LR: 5.96e-04
[Epoch 99] loss: 0.4449061297686996
Epoch  99 | Loss: 0.4449 | Cor: 0.7490 | LR: 5.87e-04 ✓ BEST
[Epoch 100] loss: 0.44363852557103345
Epoch 100 | Loss: 0.4436 | Cor: 0.7501 | LR: 5.79e-04 ✓ BEST
[Epoch 101] loss: 0.443127299759798
Epoch 101 | Loss: 0.4431 | Cor: 0.7505 | LR: 5.70e-04 ✓ BEST
[Epoch 102] loss: 0.44268722936605953
Epoch 102 | Loss: 0.4427 | Cor: 0.7505 | LR: 5.61e-04 ✓ BEST
[Epoch 103] loss: 0.4417847309522568
Epoch 103 | Loss: 0.4418 | Cor: 0.7508 | LR: 5.53e-04 ✓ BEST
[Epoch 104] loss: 0.44064640638175284
Epoch 104 | Loss: 0.4406 | Cor: 0.7514 | LR: 5.44e-04 ✓ BEST
[Epoch 105] loss: 0.44030620964469425
Epoch 105 | Loss: 0.4403 | Cor: 0.7518 | LR: 5.35e-04 ✓ BEST
[Epoch 106] loss: 0.4395629040374877
Epoch 106 | Loss: 0.4396 | Cor: 0.7524 | LR: 5.27e-04 ✓ BEST
[Epoch 107] loss: 0.438641818845348
Epoch 107 | Loss: 0.4386 | Cor: 0.7526 | LR: 5.18e-04 ✓ BEST
[Epoch 108] loss: 0.4384618745108319
Epoch 108 | Loss: 0.4385 | Cor: 0.7527 | LR: 5.09e-04 ✓ BEST
[Epoch 109] loss: 0.4374581480481822
Epoch 109 | Loss: 0.4375 | Cor: 0.7534 | LR: 5.01e-04 ✓ BEST
[Epoch 110] loss: 0.43591523075559335
Epoch 110 | Loss: 0.4359 | Cor: 0.7540 | LR: 4.92e-04 ✓ BEST
[Epoch 111] loss: 0.4360852484490461
Epoch 111 | Loss: 0.4361 | Cor: 0.7542 | LR: 4.83e-04 ✓ BEST
[Epoch 112] loss: 0.43510293504994385
Epoch 112 | Loss: 0.4351 | Cor: 0.7543 | LR: 4.74e-04 ✓ BEST
[Epoch 113] loss: 0.4343465786830635
Epoch 113 | Loss: 0.4343 | Cor: 0.7549 | LR: 4.66e-04 ✓ BEST
[Epoch 114] loss: 0.4334599983160663
Epoch 114 | Loss: 0.4335 | Cor: 0.7554 | LR: 4.57e-04 ✓ BEST
[Epoch 115] loss: 0.43305943251415424
Epoch 115 | Loss: 0.4331 | Cor: 0.7558 | LR: 4.48e-04 ✓ BEST
[Epoch 116] loss: 0.4322579590378294
Epoch 116 | Loss: 0.4323 | Cor: 0.7561 | LR: 4.40e-04 ✓ BEST
[Epoch 117] loss: 0.4312024477181161
Epoch 117 | Loss: 0.4312 | Cor: 0.7567 | LR: 4.31e-04 ✓ BEST
[Epoch 118] loss: 0.43068180987789373
Epoch 118 | Loss: 0.4307 | Cor: 0.7569 | LR: 4.22e-04 ✓ BEST
[Epoch 119] loss: 0.42983065023543726
Epoch 119 | Loss: 0.4298 | Cor: 0.7571 | LR: 4.14e-04 ✓ BEST
[Epoch 120] loss: 0.42935442981446625
Epoch 120 | Loss: 0.4294 | Cor: 0.7576 | LR: 4.05e-04 ✓ BEST
[Epoch 121] loss: 0.42905833140300337
Epoch 121 | Loss: 0.4291 | Cor: 0.7574 | LR: 3.97e-04
[Epoch 122] loss: 0.42775323683289207
Epoch 122 | Loss: 0.4278 | Cor: 0.7582 | LR: 3.88e-04 ✓ BEST
[Epoch 123] loss: 0.4278718785495515
Epoch 123 | Loss: 0.4279 | Cor: 0.7582 | LR: 3.80e-04
[Epoch 124] loss: 0.42651707028887076
Epoch 124 | Loss: 0.4265 | Cor: 0.7588 | LR: 3.71e-04 ✓ BEST
[Epoch 125] loss: 0.42565839742399325
Epoch 125 | Loss: 0.4257 | Cor: 0.7592 | LR: 3.63e-04 ✓ BEST
[Epoch 126] loss: 0.42459739222648035
Epoch 126 | Loss: 0.4246 | Cor: 0.7596 | LR: 3.55e-04 ✓ BEST
[Epoch 127] loss: 0.42443389687568517
Epoch 127 | Loss: 0.4244 | Cor: 0.7597 | LR: 3.46e-04 ✓ BEST
[Epoch 128] loss: 0.4235366417723856
Epoch 128 | Loss: 0.4235 | Cor: 0.7602 | LR: 3.38e-04 ✓ BEST
[Epoch 129] loss: 0.4226376154240529
Epoch 129 | Loss: 0.4226 | Cor: 0.7607 | LR: 3.30e-04 ✓ BEST
[Epoch 130] loss: 0.4226929260666963
Epoch 130 | Loss: 0.4227 | Cor: 0.7607 | LR: 3.22e-04 ✓ BEST
[Epoch 131] loss: 0.4220446718346541
Epoch 131 | Loss: 0.4220 | Cor: 0.7610 | LR: 3.13e-04 ✓ BEST
[Epoch 132] loss: 0.4212283389583515
Epoch 132 | Loss: 0.4212 | Cor: 0.7613 | LR: 3.05e-04 ✓ BEST
[Epoch 133] loss: 0.42091756736396985
Epoch 133 | Loss: 0.4209 | Cor: 0.7614 | LR: 2.97e-04 ✓ BEST
[Epoch 134] loss: 0.41948257415157975
Epoch 134 | Loss: 0.4195 | Cor: 0.7622 | LR: 2.89e-04 ✓ BEST
[Epoch 135] loss: 0.4194003013288899
Epoch 135 | Loss: 0.4194 | Cor: 0.7623 | LR: 2.82e-04 ✓ BEST
[Epoch 136] loss: 0.41850427381551947
Epoch 136 | Loss: 0.4185 | Cor: 0.7627 | LR: 2.74e-04 ✓ BEST
[Epoch 137] loss: 0.41850780017057043
Epoch 137 | Loss: 0.4185 | Cor: 0.7626 | LR: 2.66e-04
[Epoch 138] loss: 0.41751410019625523
Epoch 138 | Loss: 0.4175 | Cor: 0.7629 | LR: 2.58e-04 ✓ BEST
[Epoch 139] loss: 0.4172599123921364
Epoch 139 | Loss: 0.4173 | Cor: 0.7631 | LR: 2.51e-04 ✓ BEST
[Epoch 140] loss: 0.41628386032809117
Epoch 140 | Loss: 0.4163 | Cor: 0.7635 | LR: 2.43e-04 ✓ BEST
[Epoch 141] loss: 0.41560698751431363
Epoch 141 | Loss: 0.4156 | Cor: 0.7639 | LR: 2.36e-04 ✓ BEST
[Epoch 142] loss: 0.41532392847310207
Epoch 142 | Loss: 0.4153 | Cor: 0.7641 | LR: 2.28e-04 ✓ BEST
[Epoch 143] loss: 0.41447750929814237
Epoch 143 | Loss: 0.4145 | Cor: 0.7644 | LR: 2.21e-04 ✓ BEST
[Epoch 144] loss: 0.41437605175243064
Epoch 144 | Loss: 0.4144 | Cor: 0.7643 | LR: 2.14e-04
[Epoch 145] loss: 0.41320510616727696
Epoch 145 | Loss: 0.4132 | Cor: 0.7651 | LR: 2.07e-04 ✓ BEST
[Epoch 146] loss: 0.4131473435717783
Epoch 146 | Loss: 0.4131 | Cor: 0.7650 | LR: 2.00e-04
[Epoch 147] loss: 0.413068567301817
Epoch 147 | Loss: 0.4131 | Cor: 0.7650 | LR: 1.93e-04
[Epoch 148] loss: 0.4120580087042159
Epoch 148 | Loss: 0.4121 | Cor: 0.7655 | LR: 1.86e-04 ✓ BEST
[Epoch 149] loss: 0.4120384693905047
Epoch 149 | Loss: 0.4120 | Cor: 0.7655 | LR: 1.79e-04
[Epoch 150] loss: 0.4112928259144923
Epoch 150 | Loss: 0.4113 | Cor: 0.7658 | LR: 1.73e-04 ✓ BEST
[Epoch 151] loss: 0.4114878752808662
Epoch 151 | Loss: 0.4115 | Cor: 0.7656 | LR: 1.66e-04
[Epoch 152] loss: 0.4106022018915529
Epoch 152 | Loss: 0.4106 | Cor: 0.7661 | LR: 1.60e-04 ✓ BEST
[Epoch 153] loss: 0.41059576572885936
Epoch 153 | Loss: 0.4106 | Cor: 0.7661 | LR: 1.54e-04
[Epoch 154] loss: 0.4100084156747077
Epoch 154 | Loss: 0.4100 | Cor: 0.7665 | LR: 1.47e-04 ✓ BEST
[Epoch 155] loss: 0.40936092529327245
Epoch 155 | Loss: 0.4094 | Cor: 0.7667 | LR: 1.41e-04 ✓ BEST
[Epoch 156] loss: 0.4087145985311763
Epoch 156 | Loss: 0.4087 | Cor: 0.7670 | LR: 1.35e-04 ✓ BEST
[Epoch 157] loss: 0.40908210216813784
Epoch 157 | Loss: 0.4091 | Cor: 0.7668 | LR: 1.29e-04
[Epoch 158] loss: 0.40812356703600305
Epoch 158 | Loss: 0.4081 | Cor: 0.7671 | LR: 1.24e-04 ✓ BEST
[Epoch 159] loss: 0.40806488740216396
Epoch 159 | Loss: 0.4081 | Cor: 0.7673 | LR: 1.18e-04 ✓ BEST
[Epoch 160] loss: 0.4077199363404778
Epoch 160 | Loss: 0.4077 | Cor: 0.7675 | LR: 1.12e-04 ✓ BEST
[Epoch 161] loss: 0.40746756040366594
Epoch 161 | Loss: 0.4075 | Cor: 0.7676 | LR: 1.07e-04 ✓ BEST
[Epoch 162] loss: 0.40662475224513156
Epoch 162 | Loss: 0.4066 | Cor: 0.7680 | LR: 1.02e-04 ✓ BEST
[Epoch 163] loss: 0.40680121388404994
Epoch 163 | Loss: 0.4068 | Cor: 0.7678 | LR: 9.64e-05
[Epoch 164] loss: 0.4062585225150843
Epoch 164 | Loss: 0.4063 | Cor: 0.7679 | LR: 9.14e-05
[Epoch 165] loss: 0.40598073962387765
Epoch 165 | Loss: 0.4060 | Cor: 0.7682 | LR: 8.64e-05 ✓ BEST
[Epoch 166] loss: 0.405597466002604
Epoch 166 | Loss: 0.4056 | Cor: 0.7685 | LR: 8.16e-05 ✓ BEST
[Epoch 167] loss: 0.4060049537260821
Epoch 167 | Loss: 0.4060 | Cor: 0.7682 | LR: 7.69e-05
[Epoch 168] loss: 0.4052450930237011
Epoch 168 | Loss: 0.4052 | Cor: 0.7685 | LR: 7.24e-05 ✓ BEST
[Epoch 169] loss: 0.4049534418021038
Epoch 169 | Loss: 0.4050 | Cor: 0.7687 | LR: 6.79e-05 ✓ BEST
[Epoch 170] loss: 0.4046516807595636
Epoch 170 | Loss: 0.4047 | Cor: 0.7690 | LR: 6.37e-05 ✓ BEST
[Epoch 171] loss: 0.40459140812515454
Epoch 171 | Loss: 0.4046 | Cor: 0.7691 | LR: 5.95e-05 ✓ BEST
[Epoch 172] loss: 0.40469030437955433
Epoch 172 | Loss: 0.4047 | Cor: 0.7688 | LR: 5.55e-05
[Epoch 173] loss: 0.40402725376900595
Epoch 173 | Loss: 0.4040 | Cor: 0.7691 | LR: 5.16e-05
[Epoch 174] loss: 0.4040521614870448
Epoch 174 | Loss: 0.4041 | Cor: 0.7691 | LR: 4.78e-05
[Epoch 175] loss: 0.4040495170529481
Epoch 175 | Loss: 0.4040 | Cor: 0.7690 | LR: 4.42e-05
[Epoch 176] loss: 0.4036874888808864
Epoch 176 | Loss: 0.4037 | Cor: 0.7693 | LR: 4.07e-05 ✓ BEST
[Epoch 177] loss: 0.40384269956570523
Epoch 177 | Loss: 0.4038 | Cor: 0.7692 | LR: 3.74e-05
[Epoch 178] loss: 0.4035351342836003
Epoch 178 | Loss: 0.4035 | Cor: 0.7693 | LR: 3.42e-05 ✓ BEST
[Epoch 179] loss: 0.40374670059058315
Epoch 179 | Loss: 0.4037 | Cor: 0.7692 | LR: 3.11e-05
[Epoch 180] loss: 0.4030726548213108
Epoch 180 | Loss: 0.4031 | Cor: 0.7695 | LR: 2.82e-05 ✓ BEST
[Epoch 181] loss: 0.4035129604066253
Epoch 181 | Loss: 0.4035 | Cor: 0.7694 | LR: 2.55e-05
[Epoch 182] loss: 0.40321598975521744
Epoch 182 | Loss: 0.4032 | Cor: 0.7696 | LR: 2.28e-05 ✓ BEST
[Epoch 183] loss: 0.4031135365841495
Epoch 183 | Loss: 0.4031 | Cor: 0.7697 | LR: 2.04e-05 ✓ BEST
[Epoch 184] loss: 0.4025285202226821
Epoch 184 | Loss: 0.4025 | Cor: 0.7698 | LR: 1.80e-05 ✓ BEST
[Epoch 185] loss: 0.4026033677113284
Epoch 185 | Loss: 0.4026 | Cor: 0.7698 | LR: 1.59e-05 ✓ BEST
[Epoch 186] loss: 0.40221083752668585
Epoch 186 | Loss: 0.4022 | Cor: 0.7700 | LR: 1.38e-05 ✓ BEST
[Epoch 187] loss: 0.40274760278926536
Epoch 187 | Loss: 0.4027 | Cor: 0.7696 | LR: 1.19e-05
[Epoch 188] loss: 0.4022408623224611
Epoch 188 | Loss: 0.4022 | Cor: 0.7699 | LR: 1.02e-05
[Epoch 189] loss: 0.40243999156982274
Epoch 189 | Loss: 0.4024 | Cor: 0.7698 | LR: 8.60e-06
[Epoch 190] loss: 0.40259237919643426
Epoch 190 | Loss: 0.4026 | Cor: 0.7697 | LR: 7.16e-06
[Epoch 191] loss: 0.40224242628000345
Epoch 191 | Loss: 0.4022 | Cor: 0.7699 | LR: 5.87e-06
[Epoch 192] loss: 0.40220347749199836
Epoch 192 | Loss: 0.4022 | Cor: 0.7699 | LR: 4.73e-06
[Epoch 193] loss: 0.4026615036900636
Epoch 193 | Loss: 0.4027 | Cor: 0.7698 | LR: 3.74e-06
[Epoch 194] loss: 0.40224311534006885
Epoch 194 | Loss: 0.4022 | Cor: 0.7699 | LR: 2.91e-06
[Epoch 195] loss: 0.40222332488959
Epoch 195 | Loss: 0.4022 | Cor: 0.7700 | LR: 2.22e-06 ✓ BEST
[Epoch 196] loss: 0.4023119319396414
Epoch 196 | Loss: 0.4023 | Cor: 0.7699 | LR: 1.69e-06
[Epoch 197] loss: 0.40195125948851274
Epoch 197 | Loss: 0.4020 | Cor: 0.7701 | LR: 1.31e-06 ✓ BEST
[Epoch 198] loss: 0.4022361789919009
Epoch 198 | Loss: 0.4022 | Cor: 0.7699 | LR: 1.08e-06
[Epoch 199] loss: 0.4024989684675909
Epoch 199 | Loss: 0.4025 | Cor: 0.7698 | LR: 1.00e-06

============================================================
Training Summary - SEED Dataset
============================================================
Best Epoch: 197
Best Loss: 0.4020
Best Correlation: 0.7701

Status for Super-Resolution:
  ✓ EXCELLENT - Ready for high-quality super-resolution
============================================================


✓ Training complete!
  Best correlation: 0.7701 at epoch 197
  Results saved to: /home/ab_students/EEG-MTP/trial_mae_SEED/results/
